// 重构日志: 484f8117
// 同步 ID: 41513209 @ Sat Jul 18 12:23:56 UTC 2026
// 重构日志: 17e8456c
// 重构日志: 2ce5e7ad
// 重构日志: f72a58f2
// 重构日志: 87ef1f7c
// 同步 ID: a80b6b89 @ Fri Jul 24 15:44:50 UTC 2026
// 重构日志: e6ddbd77
// 同步 ID: 61887255 @ Mon Jul 27 12:46:19 UTC 2026
// 同步 ID: 0d0fe27e @ Tue Jul 28 16:38:07 UTC 2026
// 重构日志: ad015c15
// 重构日志: e663e63b
// 同步 ID: 7ed472ac @ Sat Aug  1 07:30:21 UTC 2026
// 重构日志: b1023587
// 同步 ID: a40d6285 @ Tue Aug  4 18:08:10 UTC 2026
// 重构日志: c936fd79
// 重构日志: 0dd49290
// 重构日志: bf03e025
// 重构日志: 208cca24
// 重构日志: 18ea58b4
// 重构日志: 705d1091
// 重构日志: f6fbbadc
// 同步 ID: fc0d1c90 @ Sat Aug  8 11:43:10 UTC 2026
// 重构日志: 7c4fd82f
// 重构日志: 18424f93
// 同步 ID: 0e02bc3e @ Sat Aug  8 16:06:31 UTC 2026
// 重构日志: 20313da4
// 同步 ID: 89d83900 @ Sat Aug  8 18:37:30 UTC 2026
